[    0.000000] Initializing cgroup subsys cpuset
[    0.000000] Initializing cgroup subsys cpu
[    0.000000] Initializing cgroup subsys cpuacct
[    0.000000] Linux version 4.4.0-157-generic (buildd@lgw01-amd64-037) (gcc version 5.4.0 20160609 (Ubuntu 5.4.0-6ubuntu1~16.04.10) ) #185-Ubuntu SMP Tue Jul 23 09:17:01 UTC 2019 (Ubuntu 4.4.0-157.185-generic 4.4.181)
[    0.000000] Command line: BOOT_IMAGE=/boot/vmlinuz-4.4.0-157-generic root=LABEL=cloudimg-rootfs ro console=tty1 console=ttyS0
[    0.000000] KERNEL supported cpus:
[    0.000000]   Intel GenuineIntel
[    0.000000]   AMD AuthenticAMD
[    0.000000]   Centaur CentaurHauls
[    0.000000] x86/fpu: xstate_offset[2]:  576, xstate_sizes[2]:  256
[    0.000000] x86/fpu: Supporting XSAVE feature 0x01: 'x87 floating point registers'
[    0.000000] x86/fpu: Supporting XSAVE feature 0x02: 'SSE registers'
[    0.000000] x86/fpu: Supporting XSAVE feature 0x04: 'AVX registers'
[    0.000000] x86/fpu: Enabled xstate features 0x7, context size is 832 bytes, using 'standard' format.
[    0.000000] e820: BIOS-provided physical RAM map:
[    0.000000] BIOS-e820: [mem 0x0000000000000000-0x000000000009fbff] usable
[    0.000000] BIOS-e820: [mem 0x000000000009fc00-0x000000000009ffff] reserved
[    0.000000] BIOS-e820: [mem 0x00000000000f0000-0x00000000000fffff] reserved
[    0.000000] BIOS-e820: [mem 0x0000000000100000-0x000000003ffeffff] usable
[    0.000000] BIOS-e820: [mem 0x000000003fff0000-0x000000003fffffff] ACPI data
[    0.000000] BIOS-e820: [mem 0x00000000fec00000-0x00000000fec00fff] reserved
[    0.000000] BIOS-e820: [mem 0x00000000fee00000-0x00000000fee00fff] reserved
[    0.000000] BIOS-e820: [mem 0x00000000fffc0000-0x00000000ffffffff] reserved
[    0.000000] NX (Execute Disable) protection: active
[    0.000000] SMBIOS 2.5 present.
[    0.000000] Hypervisor detected: KVM
[    0.000000] e820: last_pfn = 0x3fff0 max_arch_pfn = 0x400000000
[    0.000000] MTRR: Disabled
[    0.000000] x86/PAT: MTRRs disabled, skipping PAT initialization too.
[    0.000000] CPU MTRRs all blank - virtualized system.
[    0.000000] x86/PAT: Configuration [0-7]: WB  WT  UC- UC  WB  WT  UC- UC  
[    0.000000] found SMP MP-table at [mem 0x0009fff0-0x0009ffff] mapped at [ffff88000009fff0]
[    0.000000] Scanning 1 areas for low memory corruption
[    0.000000] RAMDISK: [mem 0x362fc000-0x37175fff]
[    0.000000] ACPI: Early table checksum verification disabled
[    0.000000] ACPI: RSDP 0x00000000000E0000 000024 (v02 VBOX  )
[    0.000000] ACPI: XSDT 0x000000003FFF0030 00003C (v01 VBOX   VBOXXSDT 00000001 ASL  00000061)
[    0.000000] ACPI: FACP 0x000000003FFF00F0 0000F4 (v04 VBOX   VBOXFACP 00000001 ASL  00000061)
[    0.000000] ACPI: DSDT 0x000000003FFF0470 0022EA (v02 VBOX   VBOXBIOS 00000002 INTL 20100528)
[    0.000000] ACPI: FACS 0x000000003FFF0200 000040
[    0.000000] ACPI: FACS 0x000000003FFF0200 000040
[    0.000000] ACPI: APIC 0x000000003FFF0240 00005C (v02 VBOX   VBOXAPIC 00000001 ASL  00000061)
[    0.000000] ACPI: SSDT 0x000000003FFF02A0 0001CC (v01 VBOX   VBOXCPUT 00000002 INTL 20100528)
[    0.000000] No NUMA configuration found
[    0.000000] Faking a node at [mem 0x0000000000000000-0x000000003ffeffff]
[    0.000000] NODE_DATA(0) allocated [mem 0x3ffeb000-0x3ffeffff]
[    0.000000] kvm-clock: Using msrs 4b564d01 and 4b564d00
[    0.000000] kvm-clock: cpu 0, msr 0:3ffe3001, primary cpu clock
[    0.000000] kvm-clock: using sched offset of 4189874367 cycles
[    0.000000] clocksource: kvm-clock: mask: 0xffffffffffffffff max_cycles: 0x1cd42e4dffb, max_idle_ns: 881590591483 ns
[    0.000000] Zone ranges:
[    0.000000]   DMA      [mem 0x0000000000001000-0x0000000000ffffff]
[    0.000000]   DMA32    [mem 0x0000000001000000-0x000000003ffeffff]
[    0.000000]   Normal   empty
[    0.000000]   Device   empty
[    0.000000] Movable zone start for each node
[    0.000000] Early memory node ranges
[    0.000000]   node   0: [mem 0x0000000000001000-0x000000000009efff]
[    0.000000]   node   0: [mem 0x0000000000100000-0x000000003ffeffff]
[    0.000000] Initmem setup node 0 [mem 0x0000000000001000-0x000000003ffeffff]
[    0.000000] ACPI: PM-Timer IO Port: 0x4008
[    0.000000] IOAPIC[0]: apic_id 2, version 32, address 0xfec00000, GSI 0-23
[    0.000000] ACPI: INT_SRC_OVR (bus 0 bus_irq 0 global_irq 2 dfl dfl)
[    0.000000] ACPI: INT_SRC_OVR (bus 0 bus_irq 9 global_irq 9 low level)
[    0.000000] Using ACPI (MADT) for SMP configuration information
[    0.000000] smpboot: Allowing 2 CPUs, 0 hotplug CPUs
[    0.000000] PM: Registered nosave memory: [mem 0x00000000-0x00000fff]
[    0.000000] PM: Registered nosave memory: [mem 0x0009f000-0x0009ffff]
[    0.000000] PM: Registered nosave memory: [mem 0x000a0000-0x000effff]
[    0.000000] PM: Registered nosave memory: [mem 0x000f0000-0x000fffff]
[    0.000000] e820: [mem 0x40000000-0xfebfffff] available for PCI devices
[    0.000000] Booting paravirtualized kernel on KVM
[    0.000000] clocksource: refined-jiffies: mask: 0xffffffff max_cycles: 0xffffffff, max_idle_ns: 7645519600211568 ns
[    0.000000] setup_percpu: NR_CPUS:512 nr_cpumask_bits:512 nr_cpu_ids:2 nr_node_ids:1
[    0.000000] PERCPU: Embedded 34 pages/cpu @ffff88003fc00000 s99544 r8192 d31528 u1048576
[    0.000000] Built 1 zonelists in Node order, mobility grouping on.  Total pages: 257912
[    0.000000] Policy zone: DMA32
[    0.000000] Kernel command line: BOOT_IMAGE=/boot/vmlinuz-4.4.0-157-generic root=LABEL=cloudimg-rootfs ro console=tty1 console=ttyS0
[    0.000000] PID hash table entries: 4096 (order: 3, 32768 bytes)
[    0.000000] Memory: 997736K/1048120K available (8618K kernel code, 1335K rwdata, 4032K rodata, 1484K init, 1284K bss, 50384K reserved, 0K cma-reserved)
[    0.000000] SLUB: HWalign=64, Order=0-3, MinObjects=0, CPUs=2, Nodes=1
[    0.000000] Kernel/User page tables isolation: enabled
[    0.000000] Hierarchical RCU implementation.
[    0.000000] 	Build-time adjustment of leaf fanout to 64.
[    0.000000] 	RCU restricting CPUs from NR_CPUS=512 to nr_cpu_ids=2.
[    0.000000] RCU: Adjusting geometry for rcu_fanout_leaf=64, nr_cpu_ids=2
[    0.000000] NR_IRQS:33024 nr_irqs:440 16
[    0.000000] Console: colour VGA+ 80x25
[    0.000000] console [tty1] enabled
[    0.000000] console [ttyS0] enabled
[    0.000000] tsc: Detected 2712.000 MHz processor
[    0.229815] Calibrating delay loop (skipped) preset value.. 5424.00 BogoMIPS (lpj=10848000)
[    0.232184] pid_max: default: 32768 minimum: 301
[    0.233465] ACPI: Core revision 20150930
[    0.236374] ACPI: 2 ACPI AML tables successfully acquired and loaded
[    0.238960] Security Framework initialized
[    0.240511] Yama: becoming mindful.
[    0.241573] AppArmor: AppArmor initialized
[    0.242750] Dentry cache hash table entries: 131072 (order: 8, 1048576 bytes)
[    0.247877] Inode-cache hash table entries: 65536 (order: 7, 524288 bytes)
[    0.249592] Mount-cache hash table entries: 2048 (order: 2, 16384 bytes)
[    0.251361] Mountpoint-cache hash table entries: 2048 (order: 2, 16384 bytes)
[    0.254176] Initializing cgroup subsys io
[    0.255906] Initializing cgroup subsys memory
[    0.257383] Initializing cgroup subsys devices
[    0.258577] Initializing cgroup subsys freezer
[    0.259729] Initializing cgroup subsys net_cls
[    0.261301] Initializing cgroup subsys perf_event
[    0.262530] Initializing cgroup subsys net_prio
[    0.263816] Initializing cgroup subsys hugetlb
[    0.264970] Initializing cgroup subsys pids
[    0.267342] mce: CPU supports 0 MCE banks
[    0.269457] Last level iTLB entries: 4KB 64, 2MB 8, 4MB 8
[    0.271288] Last level dTLB entries: 4KB 64, 2MB 0, 4MB 0, 1GB 4
[    0.273624] Spectre V2 : Mitigation: Full generic retpoline
[    0.275378] Spectre V2 : Spectre v2 / SpectreRSB mitigation: Filling RSB on context switch
[    0.277628] Speculative Store Bypass: Vulnerable
[    0.278966] MDS: Vulnerable: Clear CPU buffers attempted, no microcode
[    0.284196] Freeing SMP alternatives memory: 36K
[    0.293846] ftrace: allocating 32312 entries in 127 pages
[    0.377935] smpboot: APIC(0) Converting physical 0 to logical package 0
[    0.379545] smpboot: Max logical packages: 1
[    0.381037] x2apic enabled
[    0.382395] Switched APIC routing to physical x2apic.
[    0.388910] ..TIMER: vector=0x30 apic1=0 pin1=2 apic2=-1 pin2=-1
[    0.496702] smpboot: CPU0: Intel(R) Core(TM) i5-7200U CPU @ 2.50GHz (family: 0x6, model: 0x8e, stepping: 0x9)
[    0.508310] Performance Events: unsupported p6 CPU model 142 no PMU driver, software events only.
[    0.535339] KVM setup paravirtual spinlock
[    0.539238] x86: Booting SMP configuration:
[    0.540732] .... node  #0, CPUs:      #1
[    0.542463] kvm-clock: cpu 1, msr 0:3ffe3041, secondary cpu clock
[    0.545745] mce: CPU supports 0 MCE banks
[    0.548847] x86: Booted up 1 node, 2 CPUs
[    0.550773] smpboot: Total of 2 processors activated (10848.00 BogoMIPS)
[    0.554231] devtmpfs: initialized
[    0.557674] evm: security.selinux
[    0.558915] evm: security.SMACK64
[    0.560523] evm: security.SMACK64EXEC
[    0.562902] evm: security.SMACK64TRANSMUTE
[    0.564467] evm: security.SMACK64MMAP
[    0.565968] evm: security.ima
[    0.567036] evm: security.capability
[    0.568953] clocksource: jiffies: mask: 0xffffffff max_cycles: 0xffffffff, max_idle_ns: 7645041785100000 ns
[    0.572851] futex hash table entries: 512 (order: 3, 32768 bytes)
[    0.575029] pinctrl core: initialized pinctrl subsystem
[    0.577508] RTC time:  8:59:58, date: 07/31/19
[    0.579032] NET: Registered protocol family 16
[    0.593508] cpuidle: using governor ladder
[    0.609250] cpuidle: using governor menu
[    0.610969] PCCT header not found.
[    0.612415] ACPI: bus type PCI registered
[    0.614027] acpiphp: ACPI Hot Plug PCI Controller Driver version: 0.5
[    0.616064] PCI: Using configuration type 1 for base access
[    0.630304] ACPI: Added _OSI(Module Device)
[    0.631853] ACPI: Added _OSI(Processor Device)
[    0.633961] ACPI: Added _OSI(3.0 _SCP Extensions)
[    0.635915] ACPI: Added _OSI(Processor Aggregator Device)
[    0.639591] ACPI: Executed 1 blocks of module-level executable AML code
[    0.646285] ACPI: Interpreter enabled
[    0.647963] ACPI: (supports S0 S5)
[    0.649748] ACPI: Using IOAPIC for interrupt routing
[    0.651825] PCI: Using host bridge windows from ACPI; if necessary, use "pci=nocrs" and report a bug
[    0.662056] ACPI: PCI Root Bridge [PCI0] (domain 0000 [bus 00-ff])
[    0.663992] acpi PNP0A03:00: _OSC: OS supports [ASPM ClockPM Segments MSI]
[    0.666807] acpi PNP0A03:00: _OSC: not requesting OS control; OS requires [ExtendedConfig ASPM ClockPM MSI]
[    0.670395] acpi PNP0A03:00: fail to add MMCONFIG information, can't access extended PCI configuration space under this bridge.
[    0.674920] PCI host bridge to bus 0000:00
[    0.676378] pci_bus 0000:00: root bus resource [io  0x0000-0x0cf7 window]
[    0.678811] pci_bus 0000:00: root bus resource [io  0x0d00-0xffff window]
[    0.681144] pci_bus 0000:00: root bus resource [mem 0x000a0000-0x000bffff window]
[    0.684045] pci_bus 0000:00: root bus resource [mem 0x40000000-0xfdffffff window]
[    0.686913] pci_bus 0000:00: root bus resource [bus 00-ff]
[    0.691050] pci 0000:00:01.1: legacy IDE quirk: reg 0x10: [io  0x01f0-0x01f7]
[    0.693039] pci 0000:00:01.1: legacy IDE quirk: reg 0x14: [io  0x03f6]
[    0.695105] pci 0000:00:01.1: legacy IDE quirk: reg 0x18: [io  0x0170-0x0177]
[    0.697345] pci 0000:00:01.1: legacy IDE quirk: reg 0x1c: [io  0x0376]
[    0.729165] pci 0000:00:07.0: quirk: [io  0x4000-0x403f] claimed by PIIX4 ACPI
[    0.747740] pci 0000:00:07.0: quirk: [io  0x4100-0x410f] claimed by PIIX4 SMB
[    0.757691] ACPI: PCI Interrupt Link [LNKA] (IRQs 5 9 10 *11)
[    0.760086] ACPI: PCI Interrupt Link [LNKB] (IRQs 5 9 *10 11)
[    0.762178] ACPI: PCI Interrupt Link [LNKC] (IRQs 5 *9 10 11)
[    0.764084] ACPI: PCI Interrupt Link [LNKD] (IRQs 5 9 10 *11)
[    0.766412] ACPI: Enabled 2 GPEs in block 00 to 07
[    0.768843] vgaarb: setting as boot device: PCI:0000:00:02.0
[    0.770655] vgaarb: device added: PCI:0000:00:02.0,decodes=io+mem,owns=io+mem,locks=none
[    0.773917] vgaarb: loaded
[    0.775789] vgaarb: bridge control possible 0000:00:02.0
[    0.778077] SCSI subsystem initialized
[    0.779288] ACPI: bus type USB registered
[    0.780433] usbcore: registered new interface driver usbfs
[    0.781895] usbcore: registered new interface driver hub
[    0.783429] usbcore: registered new device driver usb
[    0.785417] PCI: Using ACPI for IRQ routing
[    0.787238] NetLabel: Initializing
[    0.788537] NetLabel:  domain hash size = 128
[    0.790232] NetLabel:  protocols = UNLABELED CIPSOv4
[    0.795147] NetLabel:  unlabeled traffic allowed by default
[    0.797683] amd_nb: Cannot enumerate AMD northbridges
[    0.799321] clocksource: Switched to clocksource kvm-clock
[    0.815790] AppArmor: AppArmor Filesystem Enabled
[    0.817398] pnp: PnP ACPI init
[    0.819822] pnp: PnP ACPI: found 3 devices
[    0.831969] clocksource: acpi_pm: mask: 0xffffff max_cycles: 0xffffff, max_idle_ns: 2085701024 ns
[    0.835162] NET: Registered protocol family 2
[    0.837016] TCP established hash table entries: 8192 (order: 4, 65536 bytes)
[    0.839141] TCP bind hash table entries: 8192 (order: 5, 131072 bytes)
[    0.841205] TCP: Hash tables configured (established 8192 bind 8192)
[    0.843191] UDP hash table entries: 512 (order: 2, 16384 bytes)
[    0.844812] UDP-Lite hash table entries: 512 (order: 2, 16384 bytes)
[    0.846345] NET: Registered protocol family 1
[    0.847515] pci 0000:00:00.0: Limiting direct PCI/PCI transfers
[    0.848987] pci 0000:00:01.0: Activating ISA DMA hang workarounds
[    0.850686] Unpacking initramfs...
[    1.193075] Freeing initrd memory: 14824K
[    1.194393] clocksource: tsc: mask: 0xffffffffffffffff max_cycles: 0x2717868ea45, max_idle_ns: 440795316085 ns
[    1.197228] platform rtc_cmos: registered platform RTC device (no PNP device found)
[    1.199363] Scanning for low memory corruption every 60 seconds
[    1.201132] audit: initializing netlink subsys (disabled)
[    1.202492] audit: type=2000 audit(1564563604.904:1): initialized
[    1.204291] Initialise system trusted keyring
[    1.205640] HugeTLB registered 2 MB page size, pre-allocated 0 pages
[    1.208632] zbud: loaded
[    1.209783] VFS: Disk quotas dquot_6.6.0
[    1.211053] VFS: Dquot-cache hash table entries: 512 (order 0, 4096 bytes)
[    1.213277] squashfs: version 4.0 (2009/01/31) Phillip Lougher
[    1.214978] fuse init (API version 7.23)
[    1.216267] Key type big_key registered
[    1.217337] Allocating IMA MOK and blacklist keyrings.
[    1.220095] Key type asymmetric registered
[    1.221186] Asymmetric key parser 'x509' registered
[    1.222532] Block layer SCSI generic (bsg) driver version 0.4 loaded (major 249)
[    1.224675] io scheduler noop registered
[    1.226010] io scheduler deadline registered (default)
[    1.227719] io scheduler cfq registered
[    1.229077] pci_hotplug: PCI Hot Plug PCI Core version: 0.5
[    1.230543] pciehp: PCI Express Hot Plug Controller Driver version: 0.4
[    1.232260] ACPI: AC Adapter [AC] (on-line)
[    1.234287] input: Power Button as /devices/LNXSYSTM:00/LNXPWRBN:00/input/input0
[    1.236540] ACPI: Power Button [PWRF]
[    1.237624] input: Sleep Button as /devices/LNXSYSTM:00/LNXSLPBN:00/input/input1
[    1.239591] ACPI: Sleep Button [SLPF]
[    1.241644] ACPI: Battery Slot [BAT0] (battery present)
[    1.243349] GHES: HEST is not enabled!
[    1.244698] Serial: 8250/16550 driver, 32 ports, IRQ sharing enabled
[    1.267121] 00:02: ttyS0 at I/O 0x3f8 (irq = 4, base_baud = 115200) is a 16550A
[    1.270519] Linux agpgart interface v0.103
[    1.274476] loop: module loaded
[    1.276369] scsi host0: ata_piix
[    1.277820] scsi host1: ata_piix
[    1.278836] ata1: PATA max UDMA/33 cmd 0x1f0 ctl 0x3f6 bmdma 0xd000 irq 14
[    1.280731] ata2: PATA max UDMA/33 cmd 0x170 ctl 0x376 bmdma 0xd008 irq 15
[    1.283244] libphy: Fixed MDIO Bus: probed
[    1.284547] tun: Universal TUN/TAP device driver, 1.6
[    1.285859] tun: (C) 1999-2004 Max Krasnyansky <maxk@qualcomm.com>
[    1.287799] PPP generic driver version 2.4.2
[    1.289598] ehci_hcd: USB 2.0 'Enhanced' Host Controller (EHCI) Driver
[    1.291263] ehci-pci: EHCI PCI platform driver
[    1.292538] ehci-platform: EHCI generic platform driver
[    1.293893] ohci_hcd: USB 1.1 'Open' Host Controller (OHCI) Driver
[    1.295627] ohci-pci: OHCI PCI platform driver
[    1.297394] ohci-platform: OHCI generic platform driver
[    1.298763] uhci_hcd: USB Universal Host Controller Interface driver
[    1.300573] i8042: PNP: PS/2 Controller [PNP0303:PS2K,PNP0f03:PS2M] at 0x60,0x64 irq 1,12
[    1.303822] serio: i8042 KBD port at 0x60,0x64 irq 1
[    1.305262] serio: i8042 AUX port at 0x60,0x64 irq 12
[    1.306696] mousedev: PS/2 mouse device common for all mice
[    1.308670] rtc_cmos rtc_cmos: rtc core: registered rtc_cmos as rtc0
[    1.310304] rtc_cmos rtc_cmos: alarms up to one day, 114 bytes nvram
[    1.311861] i2c /dev entries driver
[    1.313067] input: AT Translated Set 2 keyboard as /devices/platform/i8042/serio0/input/input2
[    1.315531] device-mapper: uevent: version 1.0.3
[    1.317037] device-mapper: ioctl: 4.34.0-ioctl (2015-10-28) initialised: dm-devel@redhat.com
[    1.319495] ledtrig-cpu: registered to indicate activity on CPUs
[    1.321854] NET: Registered protocol family 10
[    1.323324] NET: Registered protocol family 17
[    1.324553] Key type dns_resolver registered
[    1.326155] registered taskstats version 1
[    1.327585] Loading compiled-in X.509 certificates
[    1.329423] Loaded X.509 cert 'Build time autogenerated kernel key: 3e01e6df98386236d59670e6b2ed19a044d5324e'
[    1.331981] zswap: loaded using pool lzo/zbud
[    1.335387] Key type trusted registered
[    1.340547] Key type encrypted registered
[    1.341725] AppArmor: AppArmor sha1 policy hashing enabled
[    1.343629] ima: No TPM chip found, activating TPM-bypass!
[    1.345264] ima: Allocated hash algorithm: sha1
[    1.346485] evm: HMAC attrs: 0x1
[    1.348014]   Magic number: 11:625:979
[    1.349227] rtc_cmos rtc_cmos: setting system clock to 2019-07-31 08:59:59 UTC (1564563599)
[    1.351724] BIOS EDD facility v0.16 2004-Jun-25, 0 devices found
[    1.353174] EDD information not available.
[    1.440806] Freeing unused kernel memory: 1484K
[    1.442657] Write protecting the kernel read-only data: 14336k
[    1.445662] Freeing unused kernel memory: 1612K
[    1.447693] Freeing unused kernel memory: 64K
Loading, please wait...
starting version 229
[    1.468401] random: systemd-udevd: uninitialized urandom read (16 bytes read, 3 bits of entropy available)
[    1.469798] random: udevadm: uninitialized urandom read (16 bytes read, 3 bits of entropy available)
[    1.469867] random: udevadm: uninitialized urandom read (16 bytes read, 3 bits of entropy available)
[    1.481374] random: systemd-udevd: uninitialized urandom read (16 bytes read, 3 bits of entropy available)
[    1.489213] random: udevadm: uninitialized urandom read (16 bytes read, 3 bits of entropy available)
[    1.489337] random: udevadm: uninitialized urandom read (16 bytes read, 3 bits of entropy available)
[    1.491155] random: udevadm: uninitialized urandom read (16 bytes read, 3 bits of entropy available)
[    1.491240] random: udevadm: uninitialized urandom read (16 bytes read, 3 bits of entropy available)
[    1.491308] random: udevadm: uninitialized urandom read (16 bytes read, 3 bits of entropy available)
[    1.491457] random: udevadm: uninitialized urandom read (16 bytes read, 3 bits of entropy available)
[    1.600744] e1000: Intel(R) PRO/1000 Network Driver - version 7.3.21-k8-NAPI
[    1.610158] e1000: Copyright (c) 1999-2006 Intel Corporation.
[    1.620980] Fusion MPT base driver 3.04.20
[    1.623718] Copyright (c) 1999-2008 LSI Corporation
[    1.649102] Fusion MPT SPI Host driver 3.04.20
[    1.678899] AVX2 version of gcm_enc/dec engaged.
[    1.682169] AES CTR mode by8 optimization enabled
[    1.847404] input: ImExPS/2 Generic Explorer Mouse as /devices/platform/i8042/serio1/input/input4
[    2.107774] e1000 0000:00:03.0 eth0: (PCI:33MHz:32-bit) 02:c2:66:bb:16:6d
[    2.109612] e1000 0000:00:03.0 eth0: Intel(R) PRO/1000 Network Connection
[    2.113791] e1000 0000:00:03.0 enp0s3: renamed from eth0
[    2.115693] mptbase: ioc0: Initiating bringup
[    2.188082] ioc0: LSI53C1030 A0: Capabilities={Initiator}
[    2.808046] scsi host2: ioc0: LSI53C1030 A0, FwRev=00000000h, Ports=1, MaxQ=256, IRQ=20
[    3.213589] scsi 2:0:0:0: Direct-Access     VBOX     HARDDISK         1.0  PQ: 0 ANSI: 5
[    3.216283] scsi target2:0:0: Beginning Domain Validation
[    3.221310] scsi target2:0:0: Domain Validation skipping write tests
[    3.224260] scsi target2:0:0: Ending Domain Validation
[    3.226947] scsi target2:0:0: asynchronous
[    3.229022] scsi 2:0:1:0: Direct-Access     VBOX     HARDDISK         1.0  PQ: 0 ANSI: 5
[    3.231363] scsi target2:0:1: Beginning Domain Validation
[    3.233849] scsi target2:0:1: Domain Validation skipping write tests
[    3.237381] scsi target2:0:1: Ending Domain Validation
[    3.239748] scsi target2:0:1: asynchronous
[    3.251884] sd 2:0:0:0: [sda] 20971520 512-byte logical blocks: (10.7 GB/10.0 GiB)
[    3.279502] sd 2:0:0:0: Attached scsi generic sg0 type 0
[    3.279911] sd 2:0:1:0: Attached scsi generic sg1 type 0
[    3.290334] sd 2:0:1:0: [sdb] 20480 512-byte logical blocks: (10.5 MB/10.0 MiB)
[    3.291120] sd 2:0:0:0: [sda] Write Protect is off
[    3.291956] sd 2:0:0:0: [sda] Incomplete mode parameter data
[    3.291958] sd 2:0:0:0: [sda] Assuming drive cache: write through
[    3.301644]  sda: sda1
[    3.304447] sd 2:0:1:0: [sdb] Write Protect is off
[    3.305232] sd 2:0:0:0: [sda] Attached SCSI disk
[    3.310059] sd 2:0:1:0: [sdb] Incomplete mode parameter data
[    3.312329] sd 2:0:1:0: [sdb] Assuming drive cache: write through
[    3.323600] sd 2:0:1:0: [sdb] Attached SCSI disk
Begin: Loading essential drivers ... [    5.044583] md: linear personality registered for level -1
[    5.050500] md: multipath personality registered for level -4
[    5.063738] md: raid0 personality registered for level 0
[    5.073891] md: raid1 personality registered for level 1
[    5.147383] raid6: sse2x1   gen()  7759 MB/s
[    5.216777] raid6: sse2x1   xor()  3327 MB/s
[    5.290825] raid6: sse2x2   gen()  4453 MB/s
[    5.359336] raid6: sse2x2   xor()  2759 MB/s
[    5.427550] raid6: sse2x4   gen()  5574 MB/s
[    5.495911] raid6: sse2x4   xor()  5390 MB/s
[    5.564392] raid6: avx2x1   gen() 11229 MB/s
[    5.639975] raid6: avx2x2   gen() 12376 MB/s
[    5.712629] raid6: avx2x4   gen()  6166 MB/s
[    5.716329] raid6: using algorithm avx2x2 gen() 12376 MB/s
[    5.722944] raid6: using avx2x2 recovery algorithm
[    5.728606] xor: automatically using best checksumming function:
[    5.767739]    avx       : 15255.000 MB/sec
[    5.773275] async_tx: api initialized (async)
[    5.829777] md: raid6 personality registered for level 6
[    5.838562] md: raid5 personality registered for level 5
[    5.844503] md: raid4 personality registered for level 4
[    5.860645] md: raid10 personality registered for level 10
done.
Begin: Running /scripts/init-premount ... done.
Begin: Mounting root file system ... Begin: Running /scripts/local-top ... done.
Begin: Running /scripts/local-premount ... [    5.931745] Btrfs loaded
Scanning for Btrfs filesystems
done.
Warning: fsck not present, so skipping root file system
[    6.026841] EXT4-fs (sda1): mounted filesystem with ordered data mode. Opts: (null)
done.
Begin: Running /scripts/local-bottom ... done.
Begin: Running /scripts/init-bottom ... done.
[    6.232218] systemd[1]: systemd 229 running in system mode. (+PAM +AUDIT +SELINUX +IMA +APPARMOR +SMACK +SYSVINIT +UTMP +LIBCRYPTSETUP +GCRYPT +GNUTLS +ACL +XZ -LZ4 +SECCOMP +BLKID +ELFUTILS +KMOD -IDN)
[    6.238770] systemd[1]: Detected virtualization oracle.
[    6.240774] systemd[1]: Detected architecture x86-64.

Welcome to [1mUbuntu 16.04.6 LTS[0m!

[    6.246741] systemd[1]: Set hostname to <ubuntu-xenial>.
[    6.443459] systemd[1]: Started Forward Password Requests to Wall Directory Watch.
[[0;32m  OK  [0m] Started Forward Password Requests to Wall Directory Watch.
[    6.446999] systemd[1]: Listening on /dev/initctl Compatibility Named Pipe.
[[0;32m  OK  [0m] Listening on /dev/initctl Compatibility Named Pipe.
[    6.450331] systemd[1]: Reached target System Time Synchronized.
[[0;32m  OK  [0m] Reached target System Time Synchronized.
[    6.453825] systemd[1]: Listening on Device-mapper event daemon FIFOs.
[[0;32m  OK  [0m] Listening on Device-mapper event daemon FIFOs.
[    6.457029] systemd[1]: Reached target Encrypted Volumes.
[[0;32m  OK  [0m] Reached target Encrypted Volumes.
[    6.459703] systemd[1]: Reached target Swap.
[[0;32m  OK  [0m] Reached target Swap.
[    6.461806] systemd[1]: Listening on LVM2 metadata daemon socket.
[[0;32m  OK  [0m] Listening on LVM2 metadata daemon socket.
[    6.465000] systemd[1]: Listening on Journal Audit Socket.
[[0;32m  OK  [0m] Listening on Journal Audit Socket.
[    6.467992] systemd[1]: Listening on udev Control Socket.
[[0;32m  OK  [0m] Listening on udev Control Socket.
[    6.471824] systemd[1]: Created slice System Slice.
[[0;32m  OK  [0m] Created slice System Slice.
[    6.480679] systemd[1]: Created slice system-serial\x2dgetty.slice.
[[0;32m  OK  [0m] Created slice system-serial\x2dgetty.slice.
[    6.492145] systemd[1]: Started Trigger resolvconf update for networkd DNS.
[[0;32m  OK  [0m] Started Trigger resolvconf update for networkd DNS.
[    6.496674] systemd[1]: Listening on Syslog Socket.
[[0;32m  OK  [0m] Listening on Syslog Socket.
[    6.507929] systemd[1]: Created slice User and Session Slice.
[[0;32m  OK  [0m] Created slice User and Session Slice.
[    6.511730] systemd[1]: Reached target User and Group Name Lookups.
[[0;32m  OK  [0m] Reached target User and Group Name Lookups.
[    6.515343] systemd[1]: Listening on LVM2 poll daemon socket.
[[0;32m  OK  [0m] Listening on LVM2 poll daemon socket.
[    6.519183] systemd[1]: Listening on Journal Socket (/dev/log).
[[0;32m  OK  [0m] Listening on Journal Socket (/dev/log).
[    6.523603] systemd[1]: Listening on Journal Socket.
[[0;32m  OK  [0m] Listening on Journal Socket.
[    6.540100] systemd[1]: Starting Remount Root and Kernel File Systems...
         Starting Remount Root and Kernel File Systems...
[    6.545106] systemd[1]: Starting Create list of required static device nodes for the current kernel...
         Starting Create list of required st... nodes for the current kernel...
[    6.557680] systemd[1]: Starting Monitoring of LVM2 mirrors, snapshots etc. using dmeventd or progress polling...
         Starting Monitoring of LVM2 mirrors... dmeventd or progress polling...
[    6.565841] EXT4-fs (sda1): re-mounted. Opts: (null)
[    6.591726] systemd[1]: Starting Journal Service...
         Starting Journal Service...
[    6.595873] systemd[1]: Mounting POSIX Message Queue File System...
         Mounting POSIX Message Queue File System...
[    6.599861] systemd[1]: Starting Nameserver information manager...
         Starting Nameserver information manager...
[    6.610725] systemd[1]: Starting Uncomplicated firewall...
         Starting Uncomplicated firewall...
[    6.615147] systemd[1]: Mounting Huge Pages File System...
         Mounting Huge Pages File System...
[    6.619075] systemd[1]: Reached target Slices.
[[0;32m  OK  [0m] Reached target Slices.
[    6.628417] systemd[1]: Starting Load Kernel Modules...
         Starting Load Kernel Modules...
[    6.631574] systemd[1]: Set up automount Arbitrary Executable File Formats File System Automount Point.
[[0;32m  OK  [0m] Set up automount Arbitrary Executab...ats File System Automount Point.
[    6.640113] systemd[1]: Listening on udev Kernel Socket.
[[0;32m  OK  [0m] Listening on udev Kernel Socket.
[    6.647894] Loading iSCSI transport class v2.0-870.
[    6.655065] iscsi: registered transport (tcp)
[    6.655569] systemd[1]: Starting Set console keymap...
         Starting Set console keymap...
[    6.661367] systemd[1]: Mounting Debug File System...
         Mounting Debug File System...
[    6.670168] systemd[1]: Mounted Huge Pages File System.
[[0;32m  OK  [0m] Mounted Huge Pages File System.
[    6.673986] systemd[1]: Mounted Debug File System.
[[0;32m  OK  [0m] Mounted Debug File System.
[    6.679645] systemd[1]: Mounted POSIX Message Queue File System.
[[0;32m  OK  [0m] Mounted POSIX Message Queue File System.
[    6.682684] systemd[1]: Started Journal Service.
[[0;32m  OK  [0m] Started Journal Service.
[[0;32m  OK  [0m] Started Remount Root and Kernel File Systems.
[[0;32m  OK  [0m] Started Create list of required sta...ce nodes for the current kernel.
[[0;32m  OK  [0m] Started Uncomplicated firewall.
[    6.710928] iscsi: registered transport (iser)
[[0;32m  OK  [0m] Started Nameserver information manager.
[[0;32m  OK  [0m] Started Load Kernel Modules.
         Mounting FUSE Control File System...
         Starting Apply Kernel Variables...
[[0;32m  OK  [0m] Started LVM2 metadata daemon.
         Starting Create Static Device Nodes in /dev...
         Starting Load/Save Random Seed...
         Starting udev Coldplug all Devices...
         Starting Flush Journal to Persistent Storage...
[[0;32m  OK  [0m] Mounted FUSE Control File System.
[[0;32m  OK  [0m] Started Set console keymap.
[[0;32m  OK  [0m] Started Apply Kernel Variables.
[[0;32m  OK  [0m] Started Load/Save Random Seed.
[[0;32m  OK  [0m] Started Create Static Device Nodes in /dev.
[[0;32m  OK  [0m] Started udev Coldplug all Devices.
[[0;32m  OK  [0m] Started Monitoring of LVM2 mirrors,...ng dmeventd or progress polling.
[[0;32m  OK  [0m] Started Flush Journal to Persistent Storage.
         Starting udev Kernel Device Manager...
[[0;32m  OK  [0m] Reached target Local File Systems (Pre).
[[0;32m  OK  [0m] Reached target Local File Systems.
         Starting Set console font and keymap...
         Starting LSB: AppArmor initialization...
         Starting Tell Plymouth To Write Out Runtime Data...
         Starting Create Volatile Files and Directories...
         Starting Initial cloud-init job (pre-networking)...
[[0;32m  OK  [0m] Started Create Volatile Files and Directories.
[[0;32m  OK  [0m] Started Tell Plymouth To Write Out Runtime Data.
         Starting Update UTMP about System Boot/Shutdown...
[[0;32m  OK  [0m] Started udev Kernel Device Manager.
[[0;32m  OK  [0m] Started Dispatch Password Requests to Console Directory Watch.
[[0;32m  OK  [0m] Started Update UTMP about System Boot/Shutdown.
[[0;32m  OK  [0m] Started LSB: AppArmor initialization.
[[0;32m  OK  [0m] Found device /dev/ttyS0.
[[0;32m  OK  [0m] Listening on Load/Save RF Kill Switch Status /dev/rfkill Watch.
[[0;32m  OK  [0m] Found device 82540EM Gigabit Ethern...r (PRO/1000 MT Desktop Adapter).
[    8.431326] cloud-init[481]: Cloud-init v. 19.1-1-gbaa47854-0ubuntu1~16.04.1 running 'init-local' at Wed, 31 Jul 2019 09:00:06 +0000. Up 7.91 seconds.
[[0;32m  OK  [0m] Started Initial cloud-init job (pre-networking).
[[0;32m  OK  [0m] Reached target Network (Pre).
         Starting Raise network interfaces...
[[0;32m  OK  [0m] Started ifup for enp0s3.
[[0;32m  OK  [0m] Started Set console font and keymap.
[[0;32m  OK  [0m] Created slice system-getty.slice.
[[0;1;31mFAILED[0m] Failed to start Raise network interfaces.
See 'systemctl status networking.service' for details.
[[0;32m  OK  [0m] Reached target Network.
         Starting Initial cloud-init job (metadata service crawler)...
[    9.966680] cloud-init[1007]: Cloud-init v. 19.1-1-gbaa47854-0ubuntu1~16.04.1 running 'init' at Wed, 31 Jul 2019 09:00:08 +0000. Up 9.54 seconds.
[    9.970726] cloud-init[1007]: ci-info: ++++++++++++++++++++++++++++++++++++++Net device info++++++++++++++++++++++++++++++++++++++
[    9.973162] cloud-init[1007]: ci-info: +--------+------+----------------------------+---------------+--------+-------------------+
[    9.975496] cloud-init[1007]: ci-info: | Device |  Up  |          Address           |      Mask     | Scope  |     Hw-Address    |
[    9.978046] cloud-init[1007]: ci-info: +--------+------+----------------------------+---------------+--------+-------------------+
[    9.980435] cloud-init[1007]: ci-info: | enp0s3 | True |         10.0.2.15          | 255.255.255.0 | global | 02:c2:66:bb:16:6d |
[    9.983107] cloud-init[1007]: ci-info: | enp0s3 | True | fe80::c2:66ff:febb:166d/64 |       .       |  link  | 02:c2:66:bb:16:6d |
[    9.992443] cloud-init[1007]: ci-info: |   lo   | True |         127.0.0.1          |   255.0.0.0   |  host  |         .         |
[    9.995864] cloud-init[1007]: ci-info: |   lo   | True |          ::1/128           |       .       |  host  |         .         |
[    9.999174] cloud-init[1007]: ci-info: +--------+------+----------------------------+---------------+--------+-------------------+
[   10.005113] cloud-init[1007]: ci-info: +++++++++++++++++++++++++++Route IPv4 info++++++++++++++++++++++++++++
[   10.008959] cloud-init[1007]: ci-info: +-------+-------------+----------+---------------+-----------+-------+
[   10.012425] cloud-init[1007]: ci-info: | Route | Destination | Gateway  |    Genmask    | Interface | Flags |
[   10.015617] cloud-init[1007]: ci-info: +-------+-------------+----------+---------------+-----------+-------+
[   10.017972] cloud-init[1007]: ci-info: |   0   |   0.0.0.0   | 10.0.2.2 |    0.0.0.0    |   enp0s3  |   UG  |
[   10.020824] cloud-init[1007]: ci-info: |   1   |   10.0.2.0  | 0.0.0.0  | 255.255.255.0 |   enp0s3  |   U   |
[   10.024796] cloud-init[1007]: ci-info: +-------+-------------+----------+---------------+-----------+-------+
[   10.027347] cloud-init[1007]: ci-info: +++++++++++++++++++Route IPv6 info+++++++++++++++++++
[   10.030009] cloud-init[1007]: ci-info: +-------+-------------+---------+-----------+-------+
[   10.032993] cloud-init[1007]: ci-info: | Route | Destination | Gateway | Interface | Flags |
[   10.035353] cloud-init[1007]: ci-info: +-------+-------------+---------+-----------+-------+
[   10.044543] cloud-init[1007]: ci-info: |   0   |  fe80::/64  |    ::   |   enp0s3  |   U   |
[   10.046996] cloud-init[1007]: ci-info: |   3   |   ff00::/8  |    ::   |   enp0s3  |   U   |
[   10.049580] cloud-init[1007]: ci-info: +-------+-------------+---------+-----------+-------+
[[0;32m  OK  [0m] Started Initial cloud-init job (metadata service crawler).
[[0;32m  OK  [0m] Reached target System Initialization.
[[0;32m  OK  [0m] Started ACPI Events Check.
[[0;32m  OK  [0m] Reached target Paths.
[[0;32m  OK  [0m] Started Daily Cleanup of Temporary Directories.
[[0;32m  OK  [0m] Started Daily apt download activities.
[[0;32m  OK  [0m] Started Daily apt upgrade and clean activities.
[[0;32m  OK  [0m] Listening on UUID daemon activation socket.
[[0;32m  OK  [0m] Listening on D-Bus System Message Bus Socket.
         Starting LXD - unix socket.
[[0;32m  OK  [0m] Reached target Timers.
         Starting Socket activation for snappy daemon.
[[0;32m  OK  [0m] Listening on ACPID Listen Socket.
[[0;32m  OK  [0m] Reached target Cloud-config availability.
[[0;32m  OK  [0m] Reached target Network is Online.
         Starting iSCSI initiator daemon (iscsid)...
[[0;32m  OK  [0m] Listening on LXD - unix socket.
[[0;32m  OK  [0m] Listening on Socket activation for snappy daemon.
[[0;32m  OK  [0m] Started iSCSI initiator daemon (iscsid).
         Starting Login to default iSCSI targets...
[[0;32m  OK  [0m] Reached target Sockets.
[[0;32m  OK  [0m] Reached target Basic System.
[[0;32m  OK  [0m] Started D-Bus System Message Bus.
[[0;32m  OK  [0m] Started Deferred execution scheduler.
         Starting LSB: Record successful boot for GRUB...
[[0;32m  OK  [0m] Started ACPI event daemon.
[[0;32m  OK  [0m] Started FUSE filesystem for LXC.
         Starting OpenBSD Secure Shell server...
         Starting System Logging Service...
         Starting LSB: MD monitoring daemon...
         Starting Accounts Service...
         Starting A high performance web server and a reverse proxy server...
         Starting Snappy daemon...
         Starting Virtualbox guest utils...
         Starting /etc/rc.local Compatibility...
         Starting Login Service...
[[0;32m  OK  [0m] Started Regular background program processing daemon.
         Starting LXD - container startup/shutdown...
[[0;32m  OK  [0m] Started /etc/rc.local Compatibility.
[[0;32m  OK  [0m] Started System Logging Service.
[[0;32m  OK  [0m] Started Login to default iSCSI targets.
[[0;32m  OK  [0m] Started LSB: Record successful boot for GRUB.
[[0;32m  OK  [0m] Started OpenBSD Secure Shell server.
[[0;32m  OK  [0m] Started A high performance web server and a reverse proxy server.
[[0;32m  OK  [0m] Started LXD - container startup/shutdown.
[[0;32m  OK  [0m] Started LSB: MD monitoring daemon.
[[0;32m  OK  [0m] Started Login Service.
[[0;32m  OK  [0m] Started Unattended Upgrades Shutdown.
         Starting Authenticate and Authorize Users to Run Privileged Tasks...
[[0;32m  OK  [0m] Reached target Remote File Systems (Pre).
[[0;32m  OK  [0m] Reached target Remote File Systems.
         Starting LSB: Set the CPU Frequency Scaling governor to "ondemand"...
         Starting Permit User Sessions...
         Starting LSB: automatic crash report generation...
         Starting LSB: daemon to balance interrupts for SMP systems...
[[0;32m  OK  [0m] Started Permit User Sessions.
[[0;32m  OK  [0m] Started Virtualbox guest utils.
[[0;32m  OK  [0m] Started Authenticate and Authorize Users to Run Privileged Tasks.
[[0;32m  OK  [0m] Started Accounts Service.
         Starting Hold until boot process finishes up...
         Starting Terminate Plymouth Boot Screen...
[[0;32m  OK  [0m] Started LSB: Set the CPU Frequency Scaling governor to "ondemand".
[[0;32m  OK  [0m] Started Hold until boot process finishes up.
[[0;32m  OK  [0m] Started Terminate Plymouth Boot Screen.
[[0;32m  OK  [0m] Started LSB: daemon to balance interrupts for SMP systems.
[[0;32m  OK  [0m] Started LSB: automatic crash report generation.
         Starting Set console scheme...
[[0;32m  OK  [0m] Started Serial Getty on ttyS0.
[[0;32m  OK  [0m] Started Getty on tty1.
[[0;32m  OK  [0m] Reached target Login Prompts.
[[0;32m  OK  [0m] Started Set console scheme.
[[0;32m  OK  [0m] Started Snappy daemon.
         Starting Wait until snapd is fully seeded...
[[0;32m  OK  [0m] Started Wait until snapd is fully seeded.
         Starting Apply the settings specified in cloud-config...
[[0;32m  OK  [0m] Reached target Multi-User System.
[[0;32m  OK  [0m] Reached target Graphical Interface.
         Starting Update UTMP about System Runlevel Changes...
[[0;32m  OK  [0m] Started Update UTMP about System Runlevel Changes.
[[0;32m  OK  [0m] Created slice User Slice of vagrant.
         Starting User Manager for UID 1000...
[[0;32m  OK  [0m] Started Session 1 of user vagrant.
[[0;32m  OK  [0m] Started User Manager for UID 1000.
[   11.754652] cloud-init[1279]: Cloud-init v. 19.1-1-gbaa47854-0ubuntu1~16.04.1 running 'modules:config' at Wed, 31 Jul 2019 09:00:10 +0000. Up 11.57 seconds.
[[0;32m  OK  [0m] Started Apply the settings specified in cloud-config.
         Starting Execute cloud user/final scripts...
[   12.485958] cloud-init[1362]: Cloud-init v. 19.1-1-gbaa47854-0ubuntu1~16.04.1 running 'modules:final' at Wed, 31 Jul 2019 09:00:10 +0000. Up 12.30 seconds.
[   12.488569] cloud-init[1362]: Cloud-init v. 19.1-1-gbaa47854-0ubuntu1~16.04.1 finished at Wed, 31 Jul 2019 09:00:11 +0000. Datasource DataSourceNoCloud [seed=/dev/sdb][dsmode=net].  Up 12.47 seconds
[[0;32m  OK  [0m] Started Execute cloud user/final scripts.
[[0;32m  OK  [0m] Reached target Cloud-init target.

Ubuntu 16.04.6 LTS ubuntu-xenial ttyS0

ubuntu-xenial login: 